// Jest Snapshot v1, https://goo.gl/fbAQLP

exports[`<SectionCards /> matches snapshot, as intended. 1`] = `
<div
  className="MuiPaper-root-6 MuiPaper-elevation1-9 MuiPaper-rounded-7 MuiCard-root-5 SectionCard-card-1"
>
  <div
    className="MuiCardContent-root-33"
  >
    <p
      className="MuiTypography-root-34 MuiTypography-body1-43 MuiTypography-colorTextSecondary-57 SectionCard-title-3"
    >
      Operation
    </p>
    <h2
      className="MuiTypography-root-34 MuiTypography-headline-39"
    >
      test
    </h2>
    <p
      className="MuiTypography-root-34 MuiTypography-body1-43 MuiTypography-colorTextSecondary-57 SectionCard-pos-4"
    >
      Type
    </p>
    <p
      className="MuiTypography-root-34 MuiTypography-body1-43"
    >
      foobar
    </p>
  </div>
  <div
    className="MuiCardActions-root-59"
  >
    <button
      className="MuiButtonBase-root-87 MuiButton-root-61 MuiButton-text-63 MuiButton-flat-66 MuiButton-sizeSmall-84 MuiCardActions-action-60"
      disabled={false}
      onBlur={[Function]}
      onFocus={[Function]}
      onKeyDown={[Function]}
      onKeyUp={[Function]}
      onMouseDown={[Function]}
      onMouseLeave={[Function]}
      onMouseUp={[Function]}
      onTouchEnd={[Function]}
      onTouchMove={[Function]}
      onTouchStart={[Function]}
      tabIndex="0"
      type="button"
    >
      <span
        className="MuiButton-label-62"
      >
        View
      </span>
      <span
        className="MuiTouchRipple-root-90"
      />
    </button>
  </div>
</div>
`;

exports[`Hello, Enzyme! renders snapshots, too 1`] = `
ShallowWrapper {
  Symbol(enzyme.__root__): [Circular],
  Symbol(enzyme.__unrendered__): <div>
    <h1>
      Hello, Enzyme!
    </h1>
  </div>,
  Symbol(enzyme.__renderer__): Object {
    "batchedUpdates": [Function],
    "getNode": [Function],
    "render": [Function],
    "simulateEvent": [Function],
    "unmount": [Function],
  },
  Symbol(enzyme.__node__): Object {
    "instance": null,
    "key": undefined,
    "nodeType": "host",
    "props": Object {
      "children": <h1>
        Hello, Enzyme!
      </h1>,
    },
    "ref": null,
    "rendered": Object {
      "instance": null,
      "key": undefined,
      "nodeType": "host",
      "props": Object {
        "children": "Hello, Enzyme!",
      },
      "ref": null,
      "rendered": "Hello, Enzyme!",
      "type": "h1",
    },
    "type": "div",
  },
  Symbol(enzyme.__nodes__): Array [
    Object {
      "instance": null,
      "key": undefined,
      "nodeType": "host",
      "props": Object {
        "children": <h1>
          Hello, Enzyme!
        </h1>,
      },
      "ref": null,
      "rendered": Object {
        "instance": null,
        "key": undefined,
        "nodeType": "host",
        "props": Object {
          "children": "Hello, Enzyme!",
        },
        "ref": null,
        "rendered": "Hello, Enzyme!",
        "type": "h1",
      },
      "type": "div",
    },
  ],
  Symbol(enzyme.__options__): Object {
    "adapter": ReactSixteenAdapter {
      "options": Object {
        "enableComponentDidUpdateOnSetState": true,
        "lifecycles": Object {
          "componentDidUpdate": Object {
            "onSetState": true,
          },
          "getDerivedStateFromProps": true,
          "getSnapshotBeforeUpdate": true,
          "setState": Object {
            "skipsComponentDidUpdateOnNullish": true,
          },
        },
      },
    },
    "attachTo": undefined,
    "hydrateIn": undefined,
  },
}
`;
